# ==============================================================================
# Hyperledger Fabric Raft Consensus & Block Generation Log
# Orderer Node: orderer.neuracomply.internal:7050
# Consensus: etcdraft (Crash Fault Tolerant)
# BatchTimeout: 250ms | MaxMessageCount: 10
# ==============================================================================

2026-09-24 14:10:45.034 UTC 0001 INFO [orderer.consensus.etcdraft] Start -> Starting Raft node channel=system-channel id=1
2026-09-24 14:10:45.035 UTC 0002 INFO [orderer.consensus.etcdraft] becomeFollower -> 1 became follower at term 0
2026-09-24 14:10:45.036 UTC 0003 INFO [orderer.consensus.etcdraft] newRaft -> 1 newRaft [peers: [1], term: 0, commit: 0, applied: 0, lastindex: 0, lastterm: 0]
2026-09-24 14:10:45.105 UTC 0004 INFO [orderer.consensus.etcdraft] becomeCandidate -> 1 became candidate at term 1
2026-09-24 14:10:45.106 UTC 0005 INFO [orderer.consensus.etcdraft] becomeLeader -> 1 became leader at term 1
2026-09-24 14:10:45.107 UTC 0006 INFO [orderer.consensus.etcdraft] Step -> 1 [term: 1] received a MsgBeat message with term: 1; leader elected successfully.
2026-09-24 14:12:10.512 UTC 0007 INFO [orderer.common.blockcutter] Ordered -> Envelope received for channel 'neura-compliance-channel'
2026-09-24 14:12:10.520 UTC 0008 INFO [orderer.common.blockcutter] Cut -> Cutting block for channel 'neura-compliance-channel' [Block #0 - Channel Genesis Block]
2026-09-24 14:15:42.310 UTC 0009 INFO [orderer.common.blockcutter] Cut -> Cutting block for channel 'neura-compliance-channel' [Block #1 - Org1MSP Chaincode Approval]
2026-09-24 14:15:55.450 UTC 0010 INFO [orderer.common.blockcutter] Cut -> Cutting block for channel 'neura-compliance-channel' [Block #2 - AuditorMSP Chaincode Approval]
2026-09-24 14:16:11.100 UTC 0011 INFO [orderer.common.blockcutter] Cut -> Cutting block for channel 'neura-compliance-channel' [Block #3 - Chaincode Definition Commit 'neura-audit-cc:1.4']
2026-09-24 14:18:14.390 UTC 0012 INFO [orderer.common.blockcutter] Cut -> Cutting block for channel 'neura-compliance-channel' [Block #4 - TxID: e78d91b4... RecordAuditScan Merkle State Root: 0x3b89e7f8...]
2026-09-24 14:18:14.410 UTC 0013 INFO [orderer.consensus.etcdraft] writeBlock -> [channel: neura-compliance-channel] Wrote block [4] to ledger with hash: 5e2b810f912c474d284a1b89ef03a452cb1094038a8e19c3b77209ff8203c942
2026-09-24 14:18:32.080 UTC 0014 INFO [orderer.common.blockcutter] Cut -> Cutting block for channel 'neura-compliance-channel' [Block #5 - TxID: 92ab8710... RecordRemediation CIS-2.1.4]
2026-09-24 14:18:32.095 UTC 0015 INFO [orderer.consensus.etcdraft] writeBlock -> [channel: neura-compliance-channel] Wrote block [5] to ledger with hash: 7c1e892b489c7d1e892f03819284756192837465192837465109283746152a99
